// Jest Snapshot v1, https://goo.gl/fbAQLP

exports[`airport information card has correct structure 1`] = `
<div
  className="card"
>
  <header
    className="card-header"
  >
    <p
      className="card-header-title"
    >
      Anaa
    </p>
  </header>
  <div
    className="card-content"
  >
    <div
      className="columns"
    >
      <div
        className="column"
      >
        <div>
          <svg
            aria-hidden="true"
            className="svg-inline--fa fa-times fa-w-11 "
            data-icon="times"
            data-prefix="fas"
            focusable="false"
            role="img"
            style={Object {}}
            viewBox="0 0 352 512"
            xmlns="http://www.w3.org/2000/svg"
          >
            <path
              d="M242.72 256l100.07-100.07c12.28-12.28 12.28-32.19 0-44.48l-22.24-22.24c-12.28-12.28-32.19-12.28-44.48 0L176 189.28 75.93 89.21c-12.28-12.28-32.19-12.28-44.48 0L9.21 111.45c-12.28 12.28-12.28 32.19 0 44.48L109.28 256 9.21 356.07c-12.28 12.28-12.28 32.19 0 44.48l22.24 22.24c12.28 12.28 32.2 12.28 44.48 0L176 322.72l100.07 100.07c12.28 12.28 32.2 12.28 44.48 0l22.24-22.24c12.28-12.28 12.28-32.19 0-44.48L242.72 256z"
              fill="currentColor"
              style={Object {}}
            />
          </svg>
           International
        </div>
        <div>
          <svg
            aria-hidden="true"
            className="svg-inline--fa fa-times fa-w-11 "
            data-icon="times"
            data-prefix="fas"
            focusable="false"
            role="img"
            style={Object {}}
            viewBox="0 0 352 512"
            xmlns="http://www.w3.org/2000/svg"
          >
            <path
              d="M242.72 256l100.07-100.07c12.28-12.28 12.28-32.19 0-44.48l-22.24-22.24c-12.28-12.28-32.19-12.28-44.48 0L176 189.28 75.93 89.21c-12.28-12.28-32.19-12.28-44.48 0L9.21 111.45c-12.28 12.28-12.28 32.19 0 44.48L109.28 256 9.21 356.07c-12.28 12.28-12.28 32.19 0 44.48l22.24 22.24c12.28 12.28 32.2 12.28 44.48 0L176 322.72l100.07 100.07c12.28 12.28 32.2 12.28 44.48 0l22.24-22.24c12.28-12.28 12.28-32.19 0-44.48L242.72 256z"
              fill="currentColor"
              style={Object {}}
            />
          </svg>
           Domestic
        </div>
        <div>
          <svg
            aria-hidden="true"
            className="svg-inline--fa fa-times fa-w-11 "
            data-icon="times"
            data-prefix="fas"
            focusable="false"
            role="img"
            style={Object {}}
            viewBox="0 0 352 512"
            xmlns="http://www.w3.org/2000/svg"
          >
            <path
              d="M242.72 256l100.07-100.07c12.28-12.28 12.28-32.19 0-44.48l-22.24-22.24c-12.28-12.28-32.19-12.28-44.48 0L176 189.28 75.93 89.21c-12.28-12.28-32.19-12.28-44.48 0L9.21 111.45c-12.28 12.28-12.28 32.19 0 44.48L109.28 256 9.21 356.07c-12.28 12.28-12.28 32.19 0 44.48l22.24 22.24c12.28 12.28 32.2 12.28 44.48 0L176 322.72l100.07 100.07c12.28 12.28 32.2 12.28 44.48 0l22.24-22.24c12.28-12.28 12.28-32.19 0-44.48L242.72 256z"
              fill="currentColor"
              style={Object {}}
            />
          </svg>
           Regional
        </div>
        <div>
          <svg
            aria-hidden="true"
            className="svg-inline--fa fa-times fa-w-11 "
            data-icon="times"
            data-prefix="fas"
            focusable="false"
            role="img"
            style={Object {}}
            viewBox="0 0 352 512"
            xmlns="http://www.w3.org/2000/svg"
          >
            <path
              d="M242.72 256l100.07-100.07c12.28-12.28 12.28-32.19 0-44.48l-22.24-22.24c-12.28-12.28-32.19-12.28-44.48 0L176 189.28 75.93 89.21c-12.28-12.28-32.19-12.28-44.48 0L9.21 111.45c-12.28 12.28-12.28 32.19 0 44.48L109.28 256 9.21 356.07c-12.28 12.28-12.28 32.19 0 44.48l22.24 22.24c12.28 12.28 32.2 12.28 44.48 0L176 322.72l100.07 100.07c12.28 12.28 32.2 12.28 44.48 0l22.24-22.24c12.28-12.28 12.28-32.19 0-44.48L242.72 256z"
              fill="currentColor"
              style={Object {}}
            />
          </svg>
           ETickets
        </div>
      </div>
      <div
        className="column"
      >
        <div>
          <label>
            Region:
          </label>
          <span>
            South Pacific
          </span>
          <div>
            <label>
              Country:
            </label>
            <span>
              French Polynesia
            </span>
          </div>
          <div>
            <label>
              Time Zone:
            </label>
            <span>
              Pacific/Tahiti
            </span>
          </div>
          <div>
            <label>
              Latitude:
            </label>
            <span>
              -17.25
            </span>
          </div>
          <div>
            <label>
              Longitude:
            </label>
            <span>
              -145.3
            </span>
          </div>
          <div
            className="is-link"
          >
            <a
              href="https://www.google.com/maps/@-17.25,-145.3,12z"
            >
              View on Map
            </a>
          </div>
        </div>
      </div>
    </div>
  </div>
</div>
`;
